闇€瑕佺鐞嗗憳鏉冮檺杩愯姝ょ▼搴忎互鑾峰緱鏈€浣虫壂鎻忔晥鏋?ICMP鎵弿鍔熻兘闇€瑕佺鐞嗗憳鏉冮檺锛屽惁鍒欏皢浣跨敤TCP鎵弿浣滀负鍚庡

